
Gurobi 13.0.0 (win64, gurobi_cl) logging started Thu Jan 29 20:07:17 2026

Set parameter LogFile to value "gurobi.log"

Gurobi 12.0.1 (mac64[arm], gurobi_cl) logging started Wed Feb 11 16:20:18 2026

Set parameter Username
Set parameter LicenseID to value 2620263
Set parameter LogFile to value "gurobi.log"
Using license file /Library/gurobi1201/gurobi.lic

Gurobi 12.0.1 (mac64[arm], gurobi_cl) logging started Wed Feb 11 16:39:02 2026

Set parameter Username
Set parameter LicenseID to value 2620263
Set parameter LogFile to value "gurobi.log"
Using license file /Library/gurobi1201/gurobi.lic

Gurobi 12.0.1 (mac64[arm], gurobi_cl) logging started Wed Feb 11 16:40:34 2026

Set parameter Username
Set parameter LicenseID to value 2620263
Set parameter LogFile to value "gurobi.log"
Using license file /Library/gurobi1201/gurobi.lic

Gurobi 12.0.1 (mac64[arm], gurobi_cl) logging started Wed Feb 11 16:42:32 2026

Set parameter Username
Set parameter LicenseID to value 2620263
Set parameter LogFile to value "gurobi.log"
Using license file /Library/gurobi1201/gurobi.lic

Gurobi 12.0.1 (mac64[arm], gurobi_cl) logging started Tue Mar 17 13:50:45 2026

Set parameter Username
Set parameter LicenseID to value 2782723
Set parameter LogFile to value "gurobi.log"
Using license file /Users/yuxiangzhang/gurobi.lic
Academic license - for non-commercial use only - expires 2027-02-24

Gurobi 12.0.1 (mac64[arm], gurobi_cl) logging started Tue Mar 17 13:51:01 2026

Set parameter Username
Set parameter LicenseID to value 2782723
Set parameter LogFile to value "gurobi.log"
Using license file /Users/yuxiangzhang/gurobi.lic
Academic license - for non-commercial use only - expires 2027-02-24

Gurobi 12.0.1 (mac64[arm], gurobi_cl) logging started Tue Mar 17 13:52:22 2026

Set parameter Username
Set parameter LicenseID to value 2782723
Set parameter LogFile to value "gurobi.log"
Using license file /Users/yuxiangzhang/gurobi.lic
Academic license - for non-commercial use only - expires 2027-02-24

Gurobi 12.0.1 (mac64[arm], gurobi_cl) logging started Tue Mar 17 13:53:12 2026

Set parameter Username
Set parameter LicenseID to value 2782723
Set parameter LogFile to value "gurobi.log"
Using license file /Users/yuxiangzhang/gurobi.lic
Academic license - for non-commercial use only - expires 2027-02-24

Gurobi 12.0.1 (mac64[arm], gurobi_cl) logging started Tue Mar 17 13:53:27 2026

Set parameter Username
Set parameter LicenseID to value 2782723
Set parameter LogFile to value "gurobi.log"
Using license file /Users/yuxiangzhang/gurobi.lic
Academic license - for non-commercial use only - expires 2027-02-24

Gurobi 12.0.1 (mac64[arm], gurobi_cl) logging started Tue Mar 17 14:51:05 2026

Set parameter Username
Set parameter LicenseID to value 2782723
Set parameter LogFile to value "gurobi.log"
Using license file /Users/yuxiangzhang/gurobi.lic
Academic license - for non-commercial use only - expires 2027-02-24

Gurobi 12.0.1 (mac64[arm], gurobi_cl) logging started Tue Mar 17 14:56:11 2026

Set parameter Username
Set parameter LicenseID to value 2782723
Set parameter LogFile to value "gurobi.log"
Using license file /Users/yuxiangzhang/gurobi.lic
Academic license - for non-commercial use only - expires 2027-02-24

Gurobi 12.0.1 (mac64[arm], gurobi_cl) logging started Tue Mar 17 14:56:55 2026

Set parameter Username
Set parameter LicenseID to value 2782723
Set parameter LogFile to value "gurobi.log"
Using license file /Users/yuxiangzhang/gurobi.lic
Academic license - for non-commercial use only - expires 2027-02-24

Gurobi 12.0.1 (mac64[arm], gurobi_cl) logging started Tue Mar 17 15:00:48 2026

Set parameter Username
Set parameter LicenseID to value 2782723
Set parameter LogFile to value "gurobi.log"
Using license file /Users/yuxiangzhang/gurobi.lic
Academic license - for non-commercial use only - expires 2027-02-24

Gurobi 12.0.1 (mac64[arm], gurobi_cl) logging started Tue Mar 17 15:03:05 2026

Set parameter Username
Set parameter LicenseID to value 2782723
Set parameter LogFile to value "gurobi.log"
Using license file /Users/yuxiangzhang/gurobi.lic
Academic license - for non-commercial use only - expires 2027-02-24

Gurobi 12.0.1 (mac64[arm], gurobi_cl) logging started Tue Mar 17 15:06:30 2026

Set parameter Username
Set parameter LicenseID to value 2782723
Set parameter LogFile to value "gurobi.log"
Using license file /Users/yuxiangzhang/gurobi.lic
Academic license - for non-commercial use only - expires 2027-02-24

Gurobi 12.0.1 (mac64[arm], gurobi_cl) logging started Tue Mar 17 15:08:36 2026

Set parameter Username
Set parameter LicenseID to value 2782723
Set parameter LogFile to value "gurobi.log"
Using license file /Users/yuxiangzhang/gurobi.lic
Academic license - for non-commercial use only - expires 2027-02-24

Gurobi 12.0.1 (mac64[arm], gurobi_cl) logging started Tue Mar 17 15:09:37 2026

Set parameter Username
Set parameter LicenseID to value 2782723
Set parameter LogFile to value "gurobi.log"
Using license file /Users/yuxiangzhang/gurobi.lic
Academic license - for non-commercial use only - expires 2027-02-24

Gurobi 12.0.1 (mac64[arm], gurobi_cl) logging started Tue Mar 17 15:09:56 2026

Set parameter Username
Set parameter LicenseID to value 2782723
Set parameter LogFile to value "gurobi.log"
Using license file /Users/yuxiangzhang/gurobi.lic
Academic license - for non-commercial use only - expires 2027-02-24

Gurobi 12.0.1 (mac64[arm], gurobi_cl) logging started Tue Mar 17 15:10:02 2026

Set parameter Username
Set parameter LicenseID to value 2782723
Set parameter LogFile to value "gurobi.log"
Using license file /Users/yuxiangzhang/gurobi.lic
Academic license - for non-commercial use only - expires 2027-02-24

Gurobi 12.0.1 (mac64[arm], gurobi_cl) logging started Tue Mar 17 15:10:11 2026

Set parameter Username
Set parameter LicenseID to value 2782723
Set parameter LogFile to value "gurobi.log"
Using license file /Users/yuxiangzhang/gurobi.lic
Academic license - for non-commercial use only - expires 2027-02-24

Gurobi 12.0.1 (mac64[arm], gurobi_cl) logging started Tue Mar 17 15:14:12 2026

Set parameter Username
Set parameter LicenseID to value 2782723
Set parameter LogFile to value "gurobi.log"
Using license file /Users/yuxiangzhang/gurobi.lic
Academic license - for non-commercial use only - expires 2027-02-24

Gurobi 12.0.1 (mac64[arm], gurobi_cl) logging started Mon Mar 23 16:28:24 2026

Set parameter Username
Set parameter LicenseID to value 2782723
Set parameter LogFile to value "gurobi.log"
Using license file /Users/yuxiangzhang/gurobi.lic
Academic license - for non-commercial use only - expires 2027-02-24

Gurobi 12.0.1 (mac64[arm], gurobi_cl) logging started Mon Mar 23 17:53:31 2026

Set parameter Username
Set parameter LicenseID to value 2782723
Set parameter LogFile to value "gurobi.log"
Using license file /Users/yuxiangzhang/gurobi.lic
Academic license - for non-commercial use only - expires 2027-02-24

Gurobi 12.0.1 (mac64[arm], gurobi_cl) logging started Mon Mar 23 17:55:21 2026

Set parameter Username
Set parameter LicenseID to value 2782723
Set parameter LogFile to value "gurobi.log"
Using license file /Users/yuxiangzhang/gurobi.lic
Academic license - for non-commercial use only - expires 2027-02-24
